---
source: crates/client/tests/canvas_render.rs
assertion_line: 111
expression: terminal.backend().to_string()
---
" canvas ────────────────────────────────────────────────────────────────────────"
" 4 nodes, 3 edges                                                               "
"────────────────────────────────────────────────────────────────────────────────"
" Client (TUI) ──────                                                            "
"────────────────────                                                            "
"                                                                                "
"│                                                                               "
"│                                                                               "
"│                                                                               "
"│Server (Axum) ─────                                                            "
"│───────────────────                                                            "
"│                                                                               "
"│                                                                               "
"│                                                                               "
"│                                                                               "
"│Engine (Rig) ──────         OpenCode Go ───────                                "
"│───────────────────        ────────────────────                                "
"│                                                                               "
"────────────────────────────▶                                                   "
"                                                                                "
"                                                                                "
"                                                                                "
"                                                                                "
"esc return · ↑↓←→ move · drag/scroll pan · selected: server                     "
